{
  "id": 123,
  "nome": "Restaurante 1",
  "proprietario": "Wallace"
}